// Jest Snapshot v1, https://goo.gl/fbAQLP

exports[`Connected App renders correctly 1`] = `
<div>
  <header
    class="MuiPaper-root MuiAppBar-root MuiAppBar-positionFixed MuiAppBar-colorPrimary mui-fixed MuiPaper-elevation4"
  >
    <div
      class="MuiToolbar-root MuiToolbar-regular MuiToolbar-gutters"
    >
      <h6
        class="MuiTypography-root makeStyles-title-3 MuiTypography-h6 MuiTypography-noWrap"
      >
        SkyApp
      </h6>
      <button
        aria-haspopup="true"
        class="MuiButtonBase-root MuiButton-root MuiButton-text MuiButton-colorInherit"
        data-testid="open_lang_menu"
        tabindex="0"
        title="Messages:Choose a language"
        type="button"
      >
        <span
          class="MuiButton-label"
        >
          <svg
            aria-hidden="true"
            class="MuiSvgIcon-root"
            focusable="false"
            viewBox="0 0 24 24"
          >
            <path
              d="M12.87 15.07l-2.54-2.51.03-.03c1.74-1.94 2.98-4.17 3.71-6.53H17V4h-7V2H8v2H1v1.99h11.17C11.5 7.92 10.44 9.75 9 11.35 8.07 10.32 7.3 9.19 6.69 8h-2c.73 1.63 1.73 3.17 2.98 4.56l-5.09 5.02L4 19l5-5 3.11 3.11.76-2.04zM18.5 10h-2L12 22h2l1.12-3h4.75L21 22h2l-4.5-12zm-2.62 7l1.62-4.33L19.12 17h-3.24z"
            />
          </svg>
          <span
            class="MuiTypography-root makeStyles-language-4 MuiTypography-button"
          >
            Languages:en-US
          </span>
          <svg
            aria-hidden="true"
            class="MuiSvgIcon-root MuiSvgIcon-fontSizeSmall"
            focusable="false"
            viewBox="0 0 24 24"
          >
            <path
              d="M16.59 8.59L12 13.17 7.41 8.59 6 10l6 6 6-6z"
            />
          </svg>
        </span>
        <span
          class="MuiTouchRipple-root"
        />
      </button>
      <button
        aria-label="Messages:Toggle dark/light theme"
        class="MuiButtonBase-root MuiIconButton-root MuiIconButton-colorInherit"
        data-testid="toggle_theme_btn"
        tabindex="0"
        title="Messages:Toggle dark/light theme"
        type="button"
      >
        <span
          class="MuiIconButton-label"
        >
          <svg
            aria-hidden="true"
            class="MuiSvgIcon-root"
            focusable="false"
            viewBox="0 0 24 24"
          >
            <path
              d="M12 4V1L8 5l4 4V6c3.31 0 6 2.69 6 6 0 1.01-.25 1.97-.7 2.8l1.46 1.46C19.54 15.03 20 13.57 20 12c0-4.42-3.58-8-8-8zm0 14c-3.31 0-6-2.69-6-6 0-1.01.25-1.97.7-2.8L5.24 7.74C4.46 8.97 4 10.43 4 12c0 4.42 3.58 8 8 8v3l4-4-4-4v3z"
            />
          </svg>
        </span>
        <span
          class="MuiTouchRipple-root"
        />
      </button>
    </div>
  </header>
  <main
    class="makeStyles-content-1"
  />
</div>
`;
