// Jest Snapshot v1, https://goo.gl/fbAQLP

exports[`MessagesContainer renders correctly 1`] = `
<div>
  <div
    class="makeStyles-container-1"
  >
    <div
      class="makeStyles-date-21 makeStyles-fancy-22"
    >
      04/12/2021
    </div>
    <div
      class="makeStyles-system_message_wrapper-13"
    >
      <div
        class="MuiPaper-root makeStyles-system_messages-14 MuiPaper-elevation1 MuiPaper-rounded"
      >
        message 1
      </div>
    </div>
    <div
      class="makeStyles-messageWrapper-8 makeStyles-messageWrapperFromThem-10"
    >
      <div
        class="MuiPaper-root makeStyles-messageFromThem-3 MuiPaper-elevation1 MuiPaper-rounded"
      >
        <p
          class="MuiTypography-root makeStyles-text_message-19 MuiTypography-body2"
        >
          queued message
        </p>
      </div>
      <div
        class="MuiCircularProgress-root makeStyles-loading_icon-11 MuiCircularProgress-colorSecondary MuiCircularProgress-indeterminate"
        role="progressbar"
        style="width: 40px; height: 40px;"
        title="Messages:Sending the message"
      >
        <svg
          class="MuiCircularProgress-svg"
          viewBox="22 22 44 44"
        >
          <circle
            class="MuiCircularProgress-circle MuiCircularProgress-circleIndeterminate"
            cx="44"
            cy="44"
            fill="none"
            r="20"
            stroke-width="4"
          />
        </svg>
      </div>
    </div>
    <button
      aria-controls="msg-menu-channel-1"
      aria-haspopup="true"
      aria-label="Common:Options"
      class="MuiButtonBase-root MuiIconButton-root"
      style="position: absolute; padding: 0px; top: -1px; left: -1px; display: none;"
      tabindex="0"
      type="button"
    >
      <span
        class="MuiIconButton-label"
      >
        <svg
          aria-hidden="true"
          class="MuiSvgIcon-root"
          focusable="false"
          viewBox="0 0 24 24"
        >
          <path
            d="M12 8c1.1 0 2-.9 2-2s-.9-2-2-2-2 .9-2 2 .9 2 2 2zm0 2c-1.1 0-2 .9-2 2s.9 2 2 2 2-.9 2-2-.9-2-2-2zm0 6c-1.1 0-2 .9-2 2s.9 2 2 2 2-.9 2-2-.9-2-2-2z"
          />
        </svg>
      </span>
      <span
        class="MuiTouchRipple-root"
      />
    </button>
  </div>
</div>
`;
