// Jest Snapshot v1, https://goo.gl/fbAQLP

exports[`Connected RedirectPage renders correctly 1`] = `<div />`;
