// Jest Snapshot v1, https://goo.gl/fbAQLP

exports[`Connected ChatList renders correctly 1`] = `
<div>
  <h6
    class="MuiTypography-root makeStyles-chatsText-1 MuiTypography-subtitle2"
  >
    Common:CHATS
  </h6>
  <ul
    class="MuiList-root MuiList-padding"
  >
    <div
      aria-disabled="false"
      class="MuiButtonBase-root MuiListItem-root MuiListItem-gutters MuiListItem-button"
      role="button"
      tabindex="0"
    >
      <div
        class="makeStyles-avatarContainer-2"
      >
        <div
          class="makeStyles-container-7"
        >
          <div
            class="MuiAvatar-root MuiAvatar-circular MuiAvatar-colorDefault"
          >
            <svg
              aria-hidden="true"
              class="MuiSvgIcon-root makeStyles-icon-8"
              focusable="false"
              viewBox="0 0 24 24"
            >
              <path
                d="M12 2C6.48 2 2 6.48 2 12s4.48 10 10 10 10-4.48 10-10S17.52 2 12 2zm0 3c1.66 0 3 1.34 3 3s-1.34 3-3 3-3-1.34-3-3 1.34-3 3-3zm0 14.2c-2.5 0-4.71-1.28-6-3.22.03-1.99 4-3.08 6-3.08 1.99 0 5.97 1.09 6 3.08-1.29 1.94-3.5 3.22-6 3.22z"
              />
            </svg>
          </div>
          <span
            class="makeStyles-dotContainer-9"
          >
            <span
              class="makeStyles-dot-10 makeStyles-dot_active-11 "
              title="Common:Active"
            />
          </span>
        </div>
      </div>
      <div
        class="MuiListItemText-root MuiListItemText-multiline"
      >
        <span
          class="MuiTypography-root MuiListItemText-primary MuiTypography-body1 MuiTypography-displayBlock"
        >
          <span
            class="makeStyles-textContainer-3"
            title="Channel 1"
          >
            <span
              class="MuiTypography-root MuiTypography-body2 MuiTypography-colorTextPrimary MuiTypography-noWrap MuiTypography-displayInline"
            >
              Channel 1
            </span>
            <span
              class="MuiTypography-root MuiTypography-caption MuiTypography-colorInherit MuiTypography-displayInline"
            >
              04/12/2021
            </span>
          </span>
        </span>
        <p
          class="MuiTypography-root MuiListItemText-secondary MuiTypography-body2 MuiTypography-colorTextSecondary MuiTypography-displayBlock"
        >
          <span
            class="makeStyles-textContainer-3"
            title="Test message 1"
          >
            <span
              class="MuiTypography-root makeStyles-secondaryText-4 MuiTypography-body2 MuiTypography-colorTextSecondary MuiTypography-noWrap MuiTypography-displayInline"
            >
              Test message 1
            </span>
            <span
              class="MuiTypography-root MuiTypography-caption MuiTypography-colorInherit MuiTypography-displayInline"
            >
              <span
                class="MuiBadge-root makeStyles-unreadBadge-6"
              >
                <span
                  class="MuiBadge-badge MuiBadge-anchorOriginTopRightRectangle MuiBadge-colorPrimary"
                >
                  2
                </span>
              </span>
            </span>
          </span>
        </p>
      </div>
      <span
        class="MuiTouchRipple-root"
      />
    </div>
    <div
      aria-disabled="false"
      class="MuiButtonBase-root MuiListItem-root MuiListItem-gutters MuiListItem-button"
      role="button"
      tabindex="0"
    >
      <div
        class="makeStyles-avatarContainer-2"
      >
        <div
          class="makeStyles-container-7"
        >
          <div
            class="MuiAvatar-root MuiAvatar-circular MuiAvatar-colorDefault"
          >
            <svg
              aria-hidden="true"
              class="MuiSvgIcon-root makeStyles-icon-8"
              focusable="false"
              viewBox="0 0 24 24"
            >
              <path
                d="M12 2C6.48 2 2 6.48 2 12s4.48 10 10 10 10-4.48 10-10S17.52 2 12 2zm0 3c1.66 0 3 1.34 3 3s-1.34 3-3 3-3-1.34-3-3 1.34-3 3-3zm0 14.2c-2.5 0-4.71-1.28-6-3.22.03-1.99 4-3.08 6-3.08 1.99 0 5.97 1.09 6 3.08-1.29 1.94-3.5 3.22-6 3.22z"
              />
            </svg>
          </div>
          <span
            class="makeStyles-dotContainer-9"
          >
            <span
              class="makeStyles-dot-10 makeStyles-dot_active-11 "
              title="Common:Active"
            />
          </span>
        </div>
      </div>
      <div
        class="MuiListItemText-root MuiListItemText-multiline"
      >
        <span
          class="MuiTypography-root MuiListItemText-primary MuiTypography-body1 MuiTypography-displayBlock"
        >
          <span
            class="makeStyles-textContainer-3"
            title="Channel 1"
          >
            <span
              class="MuiTypography-root MuiTypography-body2 MuiTypography-colorTextPrimary MuiTypography-noWrap MuiTypography-displayInline"
            >
              Channel 1
            </span>
            <span
              class="MuiTypography-root MuiTypography-caption MuiTypography-colorInherit MuiTypography-displayInline"
            >
              04/12/2021
            </span>
          </span>
        </span>
        <p
          class="MuiTypography-root MuiListItemText-secondary MuiTypography-body2 MuiTypography-colorTextSecondary MuiTypography-displayBlock"
        >
          <span
            class="makeStyles-textContainer-3"
            title="Test message 1"
          >
            <span
              class="MuiTypography-root makeStyles-secondaryText-4 MuiTypography-body2 MuiTypography-colorTextSecondary MuiTypography-noWrap MuiTypography-displayInline"
            >
              Test message 1
            </span>
            <span
              class="MuiTypography-root MuiTypography-caption MuiTypography-colorInherit MuiTypography-displayInline"
            >
              <span
                class="MuiBadge-root makeStyles-unreadBadge-6"
              >
                <span
                  class="MuiBadge-badge MuiBadge-anchorOriginTopRightRectangle MuiBadge-colorPrimary"
                >
                  2
                </span>
              </span>
            </span>
          </span>
        </p>
      </div>
      <span
        class="MuiTouchRipple-root"
      />
    </div>
  </ul>
</div>
`;
