// Jest Snapshot v1, https://goo.gl/fbAQLP

exports[`Connected NewChatModal renders correctly 1`] = `
<div
  class="MuiDialog-root"
  role="presentation"
  style="position: fixed; z-index: 1300; right: 0px; bottom: 0px; top: 0px; left: 0px;"
>
  <div
    aria-hidden="true"
    class="MuiBackdrop-root"
    style="opacity: 1; webkit-transition: opacity 225ms cubic-bezier(0.4, 0, 0.2, 1) 0ms; transition: opacity 225ms cubic-bezier(0.4, 0, 0.2, 1) 0ms;"
  />
  <div
    data-test="sentinelStart"
    tabindex="0"
  />
  <div
    class="MuiDialog-container MuiDialog-scrollPaper"
    role="none presentation"
    style="opacity: 1; webkit-transition: opacity 225ms cubic-bezier(0.4, 0, 0.2, 1) 0ms; transition: opacity 225ms cubic-bezier(0.4, 0, 0.2, 1) 0ms;"
    tabindex="-1"
  >
    <div
      aria-labelledby="new-chat-modal-title"
      class="MuiPaper-root MuiDialog-paper makeStyles-dialogPaper-1 MuiDialog-paperScrollPaper MuiDialog-paperWidthSm MuiDialog-paperFullWidth MuiPaper-elevation24 MuiPaper-rounded"
      role="dialog"
    >
      <div
        class="MuiDialogTitle-root"
        id="new-chat-modal-title"
      >
        <h2
          class="MuiTypography-root MuiTypography-h6"
        >
          Messages:Chat with someone
        </h2>
      </div>
      <div
        class="MuiDialogContent-root MuiDialogContent-dividers"
      >
        <div
          class="MuiFormControl-root MuiTextField-root makeStyles-textInput-4 MuiFormControl-marginNormal MuiFormControl-fullWidth"
        >
          <label
            class="MuiFormLabel-root MuiInputLabel-root MuiInputLabel-formControl MuiInputLabel-animated MuiInputLabel-outlined"
            data-shrink="false"
          >
            Common:Search
          </label>
          <div
            class="MuiInputBase-root MuiOutlinedInput-root MuiInputBase-fullWidth MuiInputBase-formControl"
          >
            <input
              aria-invalid="false"
              class="MuiInputBase-input MuiOutlinedInput-input"
              name="search"
              type="text"
              value=""
            />
            <fieldset
              aria-hidden="true"
              class="PrivateNotchedOutline-root-5 MuiOutlinedInput-notchedOutline"
            >
              <legend
                class="PrivateNotchedOutline-legendLabelled-7"
              >
                <span>
                  Common:Search
                </span>
              </legend>
            </fieldset>
          </div>
        </div>
        <ul
          class="MuiList-root MuiList-padding"
        >
          <div
            aria-disabled="false"
            class="MuiButtonBase-root MuiListItem-root MuiListItem-gutters MuiListItem-button"
            role="button"
            tabindex="0"
          >
            <div
              class="MuiListItemAvatar-root makeStyles-listAvatar-2"
            >
              <div
                class="makeStyles-container-9"
              >
                <div
                  class="MuiAvatar-root MuiAvatar-circular MuiAvatar-colorDefault"
                >
                  <svg
                    aria-hidden="true"
                    class="MuiSvgIcon-root makeStyles-icon-10"
                    focusable="false"
                    viewBox="0 0 24 24"
                  >
                    <path
                      d="M12 2C6.48 2 2 6.48 2 12s4.48 10 10 10 10-4.48 10-10S17.52 2 12 2zm0 3c1.66 0 3 1.34 3 3s-1.34 3-3 3-3-1.34-3-3 1.34-3 3-3zm0 14.2c-2.5 0-4.71-1.28-6-3.22.03-1.99 4-3.08 6-3.08 1.99 0 5.97 1.09 6 3.08-1.29 1.94-3.5 3.22-6 3.22z"
                    />
                  </svg>
                </div>
                <span
                  class="makeStyles-dotContainer-11"
                >
                  <span
                    class="makeStyles-dot-12 makeStyles-dot_offline-17 "
                    title="Common:Offline"
                  />
                </span>
              </div>
            </div>
            <div
              class="MuiListItemText-root MuiListItemText-multiline"
            >
              <span
                class="MuiTypography-root MuiListItemText-primary MuiTypography-body1 MuiTypography-displayBlock"
              >
                Nickname 1
              </span>
              <p
                class="MuiTypography-root MuiListItemText-secondary MuiTypography-body2 MuiTypography-colorTextSecondary MuiTypography-displayBlock"
              >
                Some thoughts
              </p>
            </div>
            <span
              class="MuiTouchRipple-root"
            />
          </div>
        </ul>
      </div>
    </div>
  </div>
  <div
    data-test="sentinelEnd"
    tabindex="0"
  />
</div>
`;
